<html>
<body>
<pre>
<h1>µVision Build Log</h1>
<h2>Project:</h2>
C:\Users\Johnny Cuenca\OneDrive\CSULB\CSULB Fall Semester 2016\CECS 447 John Yu\Project 1 Part 2\UART.uvproj
Project File Date:  09/26/2016

<h2>Output:</h2>
Build target 'UART'
linking...
Program Size: Code=3036 RO-data=496 RW-data=0 ZI-data=1144  
".\UART.axf" - 0 Error(s), 0 Warning(s).
Load "C:\\Users\\Johnny Cuenca\\OneDrive\\CSULB\\CSULB Fall Semester 2016\\CECS 447 John Yu\\Project 1 Part 2\\UART.axf" 
Connecting: Mode=JTAG, Speed=1000000Hz
Erase Done.
Programming Done.
Verify OK.
compiling UARTTestMain.c...
"UARTTestMain.c" - 0 Error(s), 0 Warning(s).
ECS 447 John Yu\\Project 1 Part 2\\UART.axf" 
Connecting: Mode=JTAG, Speed=1000000Hz
Erase Done.
Programming Done.
Verify OK.
